╭──────────────────────────────────────────────────────────────────────────────╮
│  Executing geNomad aggregated-classification (v1.12.0). This will aggregate  │
│  the results of the marker-classification and nn-classification modules to   │
│  classify the input sequences into chromosome, plasmid, or virus.            │
│  ──────────────────────────────────────────────────────────────────────────  │
│  Outputs:                                                                    │
│    GCA_001583545.1_out/GCA_001583545.1_aggregated_classification             │
│    ├── GCA_001583545.1_aggregated_classification.json (execution             │
│    │   parameters)                                                           │
│    ├── GCA_001583545.1_aggregated_classification.tsv (sequence               │
│    │   classification: tabular format)                                       │
│    └── GCA_001583545.1_aggregated_classification.npz (sequence               │
│        classification: binary format)                                        │
╰──────────────────────────────────────────────────────────────────────────────╯
[17:42:46] Executing genomad aggregated-classification.                         
[17:42:46] Creating the                                                         
           GCA_001583545.1_out/GCA_001583545.1_aggregated_classification        
           directory.                                                           
[17:42:46] The total marker frequencies of the input sequences were computed.   
[17:42:46] Sequences classified.                                                
[17:42:46] Sequence classification in binary format written to                  
           GCA_001583545.1_aggregated_classification.npz.                       
[17:42:46] Sequence classification in tabular format written to                 
           GCA_001583545.1_aggregated_classification.tsv.                       
[17:42:46] geNomad aggregated-classification finished!                          
