╭──────────────────────────────────────────────────────────────────────────────╮
│  Executing geNomad marker-classification (v1.12.0). This will classify the   │
│  input sequences into chromosome, plasmid, or virus based on the presence    │
│  of geNomad markers and other gene-related features.                         │
│  ──────────────────────────────────────────────────────────────────────────  │
│  Outputs:                                                                    │
│    GCA_000007865.1_out/GCA_000007865.1_marker_classification                 │
│    ├── GCA_000007865.1_marker_classification.json (execution parameters)     │
│    ├── GCA_000007865.1_features.tsv (sequence feature data: tabular format)  │
│    ├── GCA_000007865.1_features.npz (sequence feature data: binary format)   │
│    ├── GCA_000007865.1_marker_classification.tsv (sequence classification:   │
│    │   tabular format)                                                       │
│    └── GCA_000007865.1_marker_classification.npz (sequence classification:   │
│        binary format)                                                        │
╰──────────────────────────────────────────────────────────────────────────────╯
[17:39:53] Executing genomad marker-classification.                             
[17:39:53] Creating the                                                         
           GCA_000007865.1_out/GCA_000007865.1_marker_classification directory. 
[17:39:54] Sequence features computed.                                          
[17:39:54] Sequence features in binary format written to                        
           GCA_000007865.1_features.npz.                                        
[17:39:54] Sequence features in tabular format written to                       
           GCA_000007865.1_features.tsv.                                        
[17:39:54] Sequences classified.                                                
[17:39:54] Sequence classification in binary format written to                  
           GCA_000007865.1_marker_classification.npz.                           
[17:39:54] Sequence classification in tabular format written to                 
           GCA_000007865.1_marker_classification.tsv.                           
[17:39:54] geNomad marker-classification finished!                              
