╭──────────────────────────────────────────────────────────────────────────────╮
│  Executing geNomad annotate (v1.12.0). This will perform gene calling in     │
│  the input sequences and annotate the predicted proteins with geNomad's      │
│  markers.                                                                    │
│  ──────────────────────────────────────────────────────────────────────────  │
│  Outputs:                                                                    │
│    GCA_000239035.2_out/GCA_000239035.2_annotate                              │
│    ├── GCA_000239035.2_annotate.json (execution parameters)                  │
│    ├── GCA_000239035.2_genes.tsv (gene annotation data)                      │
│    ├── GCA_000239035.2_taxonomy.tsv (taxonomic assignment)                   │
│    ├── GCA_000239035.2_mmseqs2.tsv (MMseqs2 output file)                     │
│    └── GCA_000239035.2_proteins.faa (protein FASTA file)                     │
╰──────────────────────────────────────────────────────────────────────────────╯
[17:35:01] Executing genomad annotate.                                          
[17:35:01] Creating the GCA_000239035.2_out/GCA_000239035.2_annotate directory. 
[17:35:06] Proteins predicted with pyrodigal-gv were written to                 
           GCA_000239035.2_proteins.faa.                                        
[17:37:04] Proteins annotated with MMseqs2 and geNomad database (v1.9) were     
           written to GCA_000239035.2_mmseqs2.tsv.                              
[17:37:04] Gene data was written to GCA_000239035.2_genes.tsv.                  
[17:37:05] Taxonomic assignment data was written to                             
           GCA_000239035.2_taxonomy.tsv.                                        
[17:37:05] geNomad annotate finished!                                           
