╭──────────────────────────────────────────────────────────────────────────────╮
│  Executing geNomad find-proviruses (v1.12.0). This will find putative        │
│  proviral regions within the input sequences.                                │
│  ──────────────────────────────────────────────────────────────────────────  │
│  Outputs:                                                                    │
│    GCA_000239035.2_out/GCA_000239035.2_find_proviruses                       │
│    ├── GCA_000239035.2_find_proviruses.json (execution parameters)           │
│    ├── GCA_000239035.2_provirus.tsv (provirus data)                          │
│    ├── GCA_000239035.2_provirus.fna (provirus nucleotide sequences)          │
│    ├── GCA_000239035.2_provirus_proteins.faa (provirus protein sequences)    │
│    ├── GCA_000239035.2_provirus_genes.tsv (provirus gene annotation data)    │
│    ├── GCA_000239035.2_provirus_taxonomy.tsv (provirus taxonomic             │
│    │   assignment)                                                           │
│    ├── GCA_000239035.2_provirus_mmseqs2.tsv (MMseqs2 output file)            │
│    └── GCA_000239035.2_provirus_aragorn.tsv (Aragorn output file)            │
╰──────────────────────────────────────────────────────────────────────────────╯
[17:37:05] Executing genomad find-proviruses.                                   
[17:37:05] Creating the GCA_000239035.2_out/GCA_000239035.2_find_proviruses     
           directory.                                                           
[17:37:07] Integrases identified with MMseqs2 and geNomad database (v1.9) were  
           written to GCA_000239035.2_provirus_mmseqs2.tsv.                     
[17:37:08] tRNAs identified with Aragorn were written to                        
           GCA_000239035.2_provirus_aragorn.tsv.                                
[17:37:09] Provirus regions identified.                                         
[17:37:09] Provirus data was written to GCA_000239035.2_provirus.tsv.           
[17:37:09] Provirus nucleotide sequences were written to                        
           GCA_000239035.2_provirus.fna.                                        
[17:37:09] Provirus protein sequences were written to                           
           GCA_000239035.2_provirus_proteins.faa.                               
[17:37:09] Provirus gene data was written to GCA_000239035.2_provirus_genes.tsv.
[17:37:09] Taxonomic assignment data was written to                             
           GCA_000239035.2_provirus_taxonomy.tsv.                               
[17:37:09] geNomad find-proviruses finished!                                    
