╭──────────────────────────────────────────────────────────────────────────────╮
│  Executing geNomad nn-classification (v1.12.0). This will classify the       │
│  input sequences into chromosome, plasmid, or virus based on the nucleotide  │
│  sequence.                                                                   │
│  ──────────────────────────────────────────────────────────────────────────  │
│  Outputs:                                                                    │
│    GCA_000239035.2_out/GCA_000239035.2_nn_classification                     │
│    ├── GCA_000239035.2_nn_classification.json (execution parameters)         │
│    ├── GCA_000239035.2_encoded_sequences (directory containing encoded       │
│    │   sequence data)                                                        │
│    ├── GCA_000239035.2_nn_classification.tsv (contig classification:         │
│    │   tabular format)                                                       │
│    └── GCA_000239035.2_nn_classification.npz (contig classification: binary  │
│        format)                                                               │
╰──────────────────────────────────────────────────────────────────────────────╯
[17:37:12] Executing genomad nn-classification.                                 
[17:37:12] Creating the GCA_000239035.2_out/GCA_000239035.2_nn_classification   
           directory.                                                           
[17:37:12] Creating the                                                         
           GCA_000239035.2_out/GCA_000239035.2_nn_classification/GCA_000239035.2
           _encoded_sequences directory.                                        
[17:37:13] Encoded sequence data written to GCA_000239035.2_encoded_sequences.  
[17:37:33] Sequences classified.                                                
[17:37:33] Sequence classification in binary format written to                  
           GCA_000239035.2_nn_classification.npz.                               
[17:37:33] Sequence classification in tabular format written to                 
           GCA_000239035.2_nn_classification.tsv.                               
[17:37:33] geNomad nn-classification finished!                                  
