╭──────────────────────────────────────────────────────────────────────────────╮
│  Executing geNomad nn-classification (v1.12.0). This will classify the       │
│  input sequences into chromosome, plasmid, or virus based on the nucleotide  │
│  sequence.                                                                   │
│  ──────────────────────────────────────────────────────────────────────────  │
│  Outputs:                                                                    │
│    GCA_000069185.1_out2/GCA_000069185.1_nn_classification                    │
│    ├── GCA_000069185.1_nn_classification.json (execution parameters)         │
│    ├── GCA_000069185.1_encoded_sequences (directory containing encoded       │
│    │   sequence data)                                                        │
│    ├── GCA_000069185.1_nn_classification.tsv (contig classification:         │
│    │   tabular format)                                                       │
│    ├── GCA_000069185.1_nn_classification.npz (contig classification: binary  │
│    │   format)                                                               │
│    ├── GCA_000069185.1_encoded_proviruses (directory containing encoded      │
│    │   sequence data)                                                        │
│    ├── GCA_000069185.1_provirus_nn_classification.tsv (provirus              │
│    │   classification: tabular format)                                       │
│    └── GCA_000069185.1_provirus_nn_classification.npz (provirus              │
│        classification: binary format)                                        │
╰──────────────────────────────────────────────────────────────────────────────╯
[17:07:02] Executing genomad nn-classification.                                 
[17:07:02] Creating the GCA_000069185.1_out2/GCA_000069185.1_nn_classification  
           directory.                                                           
[17:07:02] Creating the                                                         
           GCA_000069185.1_out2/GCA_000069185.1_nn_classification/GCA_000069185.
           1_encoded_sequences directory.                                       
[17:07:04] Encoded sequence data written to GCA_000069185.1_encoded_sequences.  
[17:07:04] Creating the                                                         
           GCA_000069185.1_out2/GCA_000069185.1_nn_classification/GCA_000069185.
           1_encoded_proviruses directory.                                      
[17:07:04] Encoded provirus data written to GCA_000069185.1_encoded_proviruses. 
[17:07:26] Sequences classified.                                                
[17:07:26] Sequence classification in binary format written to                  
           GCA_000069185.1_nn_classification.npz.                               
[17:07:27] Sequence classification in tabular format written to                 
           GCA_000069185.1_nn_classification.tsv.                               
[17:07:29] Proviruses classified.                                               
[17:07:29] Provirus classification in binary format written to                  
           GCA_000069185.1_provirus_nn_classification.npz.                      
[17:07:29] Provirus classification in tabular format written to                 
           GCA_000069185.1_provirus_nn_classification.tsv.                      
[17:07:29] geNomad nn-classification finished!                                  
