╭──────────────────────────────────────────────────────────────────────────────╮
│  Executing geNomad annotate (v1.12.0). This will perform gene calling in     │
│  the input sequences and annotate the predicted proteins with geNomad's      │
│  markers.                                                                    │
│  ──────────────────────────────────────────────────────────────────────────  │
│  Outputs:                                                                    │
│    GCA_000069185.1_out2/GCA_000069185.1_annotate                             │
│    ├── GCA_000069185.1_annotate.json (execution parameters)                  │
│    ├── GCA_000069185.1_genes.tsv (gene annotation data)                      │
│    ├── GCA_000069185.1_taxonomy.tsv (taxonomic assignment)                   │
│    ├── GCA_000069185.1_mmseqs2.tsv (MMseqs2 output file)                     │
│    └── GCA_000069185.1_proteins.faa (protein FASTA file)                     │
╰──────────────────────────────────────────────────────────────────────────────╯
[17:04:23] Executing genomad annotate.                                          
[17:04:23] Creating the GCA_000069185.1_out2/GCA_000069185.1_annotate directory.
[17:04:45] Proteins predicted with pyrodigal-gv were written to                 
           GCA_000069185.1_proteins.faa.                                        
[17:06:44] Proteins annotated with MMseqs2 and geNomad database (v1.9) were     
           written to GCA_000069185.1_mmseqs2.tsv.                              
[17:06:45] Gene data was written to GCA_000069185.1_genes.tsv.                  
[17:06:45] Taxonomic assignment data was written to                             
           GCA_000069185.1_taxonomy.tsv.                                        
[17:06:45] geNomad annotate finished!                                           
