╭──────────────────────────────────────────────────────────────────────────────╮
│  Executing geNomad summary (v1.12.0). This will summarize the results        │
│  across modules into a classification report.                                │
│  ──────────────────────────────────────────────────────────────────────────  │
│  Outputs:                                                                    │
│    GCA_000069185.1_out2/GCA_000069185.1_summary                              │
│    ├── GCA_000069185.1_summary.json (execution parameters)                   │
│    ├── GCA_000069185.1_virus_summary.tsv (virus classification summary)      │
│    ├── GCA_000069185.1_plasmid_summary.tsv (plasmid classification summary)  │
│    ├── GCA_000069185.1_virus.fna (virus nucleotide FASTA file)               │
│    ├── GCA_000069185.1_plasmid.fna (plasmid nucleotide FASTA file)           │
│    ├── GCA_000069185.1_virus_proteins.faa (virus protein FASTA file)         │
│    ├── GCA_000069185.1_plasmid_proteins.faa (plasmid protein FASTA file)     │
│    ├── GCA_000069185.1_virus_genes.tsv (virus gene annotation data)          │
│    └── GCA_000069185.1_plasmid_genes.tsv (plasmid gene annotation data)      │
╰──────────────────────────────────────────────────────────────────────────────╯
[17:07:29] Executing genomad summary.                                           
[17:07:29] Creating the GCA_000069185.1_out2/GCA_000069185.1_summary directory. 
[17:07:29] Using scores from aggregated-classification.                         
[17:07:29] 1 plasmid(s) and 2 virus(es) were identified.                        
[17:07:29] Nucleotide sequences were written to GCA_000069185.1_plasmid.fna and 
           GCA_000069185.1_virus.fna.                                           
[17:07:29] Protein sequences were written to                                    
           GCA_000069185.1_plasmid_proteins.faa and                             
           GCA_000069185.1_virus_proteins.faa.                                  
[17:07:29] Gene annotation data was written to GCA_000069185.1_plasmid_genes.tsv
           and GCA_000069185.1_virus_genes.tsv.                                 
[17:07:29] Summary files were written to GCA_000069185.1_plasmid_summary.tsv and
           GCA_000069185.1_virus_summary.tsv.                                   
[17:07:29] geNomad summary finished!                                            
