createdb GCA_000239035.2_out/GCA_000239035.2_annotate/GCA_000239035.2_proteins.faa GCA_000239035.2_out/GCA_000239035.2_annotate/GCA_000239035.2_mmseqs2/query_db/query_db 

MMseqs Version:                    	18.8cc5c
Database type                      	0
Shuffle input database             	true
Createdb mode                      	0
Write lookup file                  	1
Offset of numeric ids              	0
Threads                            	256
Compressed                         	0
Mask residues                      	0
Mask residues probability          	0.9
Mask lower case residues           	0
Mask lower letter repeating N times	0
Use GPU                            	0
Verbosity                          	3

Converting sequences
[
Time for merging to query_db_h: 0h 0m 0s 4ms
Time for merging to query_db: 0h 0m 0s 4ms
Database type: Aminoacid
Time for processing: 0h 0m 0s 123ms
prefilter GCA_000239035.2_out/GCA_000239035.2_annotate/GCA_000239035.2_mmseqs2/query_db/query_db /mnt/nvme3n1/erikg/phind-genome-work/ntm/v1/geomad_db/genomad_db/genomad_db GCA_000239035.2_out/GCA_000239035.2_annotate/GCA_000239035.2_mmseqs2/search_db/prefilter_db --threads 8 -s 4.2 --split 0 --split-mode 0 --max-seqs 10000000 --min-ungapped-score 25 -k 5 

MMseqs Version:                    	18.8cc5c
Substitution matrix                	aa:blosum62.out,nucl:nucleotide.out
Seed substitution matrix           	aa:VTML80.out,nucl:nucleotide.out
Sensitivity                        	4.2
k-mer length                       	5
Target search mode                 	0
k-score                            	seq:2147483647,prof:2147483647
Alphabet size                      	aa:21,nucl:5
Max sequence length                	65535
Max results per query              	10000000
Split database                     	0
Split mode                         	0
Split memory limit                 	0
Coverage threshold                 	0
Coverage mode                      	0
Compositional bias                 	1
Compositional bias scale           	1
Diagonal scoring                   	true
Exact k-mer matching               	0
Mask residues                      	1
Mask residues probability          	0.9
Mask lower case residues           	0
Mask lower letter repeating N times	0
Minimum diagonal score             	25
Selected taxa                      	
Include identical seq. id.         	false
Spaced k-mers                      	1
Preload mode                       	0
Pseudo count a                     	substitution:1.100,context:1.400
Pseudo count b                     	substitution:4.100,context:5.800
Spaced k-mer pattern               	
Local temporary path               	
Threads                            	8
Compressed                         	0
Verbosity                          	3

Query database size: 4894 type: Aminoacid
Estimated memory consumption: 1004M
Target database size: 227918 type: Profile
Process prefiltering step 1 of 1

Index table k-mer threshold: 89 at k-mer size 5 
Index table: counting k-mers
[=================================================================] 227.92K 27s 172ms
Index table: Masked residues: 0
Index table: fill
[=================================================================] 227.92K 1m 5s 984ms
Index statistics
Entries:          2934427039
DB size:          16822 MB
Avg k-mer size:   718.500115
Top 10 k-mers
    WWWPP	9050
    GWWPP	8579
    DWWPP	8507
    PPPWW	8431
    WWPPW	8410
    WWPPP	8258
    GWWPW	8251
    PPWWW	8237
    DWWPW	8179
    WWWGP	8153
Time for index table init: 0h 1m 45s 889ms
k-mer similarity threshold: 89
Starting prefiltering scores calculation (step 1 of 1)
Query db start 1 to 4894
Target db start 1 to 227918
[=================================================================] 4.89K 1s 451ms

0.948615 k-mers per position
174103 DB matches per sequence
2 overflows
387 sequences passed prefiltering per query sequence
308 median result list length
2 sequences with 0 size result lists
Time for merging to prefilter_db: 0h 0m 0s 1ms
Time for processing: 0h 1m 50s 539ms
swapresults GCA_000239035.2_out/GCA_000239035.2_annotate/GCA_000239035.2_mmseqs2/query_db/query_db /mnt/nvme3n1/erikg/phind-genome-work/ntm/v1/geomad_db/genomad_db/genomad_db GCA_000239035.2_out/GCA_000239035.2_annotate/GCA_000239035.2_mmseqs2/search_db/prefilter_db GCA_000239035.2_out/GCA_000239035.2_annotate/GCA_000239035.2_mmseqs2/search_db/swapresults_1_db --threads 8 

MMseqs Version:    	18.8cc5c
Substitution matrix	aa:blosum62.out,nucl:nucleotide.out
E-value threshold  	0.001
Split memory limit 	0
Gap open cost      	aa:11,nucl:5
Gap extension cost 	aa:1,nucl:2
Threads            	8
Compressed         	0
Preload mode       	0
Verbosity          	3

Computing offsets.
[=================================================================] 4.89K 0s 51ms

Reading results.
[=================================================================] 4.89K 0s 65ms

Output database: GCA_000239035.2_out/GCA_000239035.2_annotate/GCA_000239035.2_mmseqs2/search_db/swapresults_1_db
[=================================================================] 227.92K 0s 79ms

Time for merging to swapresults_1_db: 0h 0m 0s 56ms
Time for processing: 0h 0m 0s 303ms
align /mnt/nvme3n1/erikg/phind-genome-work/ntm/v1/geomad_db/genomad_db/genomad_db GCA_000239035.2_out/GCA_000239035.2_annotate/GCA_000239035.2_mmseqs2/query_db/query_db GCA_000239035.2_out/GCA_000239035.2_annotate/GCA_000239035.2_mmseqs2/search_db/swapresults_1_db GCA_000239035.2_out/GCA_000239035.2_annotate/GCA_000239035.2_mmseqs2/search_db/align_1_db --threads 8 --alignment-mode 1 -e 0.001 --max-rejected 280 

MMseqs Version:           	18.8cc5c
Substitution matrix       	aa:blosum62.out,nucl:nucleotide.out
Add backtrace             	false
Alignment mode            	1
Alignment mode            	0
Allow wrapped scoring     	false
E-value threshold         	0.001
Seq. id. threshold        	0
Min alignment length      	0
Seq. id. mode             	0
Alternative alignments    	0
Coverage threshold        	0
Coverage mode             	0
Max sequence length       	65535
Compositional bias        	1
Compositional bias scale  	1
Max reject                	280
Max accept                	2147483647
Include identical seq. id.	false
Preload mode              	0
Pseudo count a            	substitution:1.100,context:1.400
Pseudo count b            	substitution:4.100,context:5.800
Score bias                	0
Realign hits              	false
Realign score bias        	-0.2
Realign max seqs          	2147483647
Correlation score weight  	0
Gap open cost             	aa:11,nucl:5
Gap extension cost        	aa:1,nucl:2
Zdrop                     	40
Threads                   	8
Compressed                	0
Verbosity                 	3

Compute score only
Query database size: 227918 type: Profile
Target database size: 4894 type: Aminoacid
Calculation of alignments
[=================================================================] 227.92K 6s 308ms
Time for merging to align_1_db: 0h 0m 0s 55ms
1897461 alignments calculated
12472 sequence pairs passed the thresholds (0.006573 of overall calculated)
0.054721 hits per query sequence
Time for processing: 0h 0m 6s 461ms
align /mnt/nvme3n1/erikg/phind-genome-work/ntm/v1/geomad_db/genomad_db/genomad_db GCA_000239035.2_out/GCA_000239035.2_annotate/GCA_000239035.2_mmseqs2/query_db/query_db GCA_000239035.2_out/GCA_000239035.2_annotate/GCA_000239035.2_mmseqs2/search_db/align_1_db GCA_000239035.2_out/GCA_000239035.2_annotate/GCA_000239035.2_mmseqs2/search_db/align_2_db --threads 8 --alignment-mode 2 -e 0.001 --cov-mode 2 -c 0.2 

MMseqs Version:           	18.8cc5c
Substitution matrix       	aa:blosum62.out,nucl:nucleotide.out
Add backtrace             	false
Alignment mode            	2
Alignment mode            	0
Allow wrapped scoring     	false
E-value threshold         	0.001
Seq. id. threshold        	0
Min alignment length      	0
Seq. id. mode             	0
Alternative alignments    	0
Coverage threshold        	0.2
Coverage mode             	2
Max sequence length       	65535
Compositional bias        	1
Compositional bias scale  	1
Max reject                	2147483647
Max accept                	2147483647
Include identical seq. id.	false
Preload mode              	0
Pseudo count a            	substitution:1.100,context:1.400
Pseudo count b            	substitution:4.100,context:5.800
Score bias                	0
Realign hits              	false
Realign score bias        	-0.2
Realign max seqs          	2147483647
Correlation score weight  	0
Gap open cost             	aa:11,nucl:5
Gap extension cost        	aa:1,nucl:2
Zdrop                     	40
Threads                   	8
Compressed                	0
Verbosity                 	3

Compute score and coverage
Query database size: 227918 type: Profile
Target database size: 4894 type: Aminoacid
Calculation of alignments
[=================================================================] 227.92K 0s 130ms
Time for merging to align_2_db: 0h 0m 0s 51ms
12430 alignments calculated
11406 sequence pairs passed the thresholds (0.917619 of overall calculated)
0.050044 hits per query sequence
Time for processing: 0h 0m 0s 235ms
swapresults /mnt/nvme3n1/erikg/phind-genome-work/ntm/v1/geomad_db/genomad_db/genomad_db GCA_000239035.2_out/GCA_000239035.2_annotate/GCA_000239035.2_mmseqs2/query_db/query_db GCA_000239035.2_out/GCA_000239035.2_annotate/GCA_000239035.2_mmseqs2/search_db/align_2_db GCA_000239035.2_out/GCA_000239035.2_annotate/GCA_000239035.2_mmseqs2/search_db/swapresults_2_db --threads 8 

MMseqs Version:    	18.8cc5c
Substitution matrix	aa:blosum62.out,nucl:nucleotide.out
E-value threshold  	0.001
Split memory limit 	0
Gap open cost      	aa:11,nucl:5
Gap extension cost 	aa:1,nucl:2
Threads            	8
Compressed         	0
Preload mode       	0
Verbosity          	3

Computing offsets.
[=================================================================] 227.92K 0s 14ms

Reading results.
[=================================================================] 227.92K 0s 14ms

Output database: GCA_000239035.2_out/GCA_000239035.2_annotate/GCA_000239035.2_mmseqs2/search_db/swapresults_2_db
[=================================================================] 4.89K 0s 2ms

Time for merging to swapresults_2_db: 0h 0m 0s 1ms
Time for processing: 0h 0m 0s 63ms
filterdb GCA_000239035.2_out/GCA_000239035.2_annotate/GCA_000239035.2_mmseqs2/search_db/swapresults_2_db GCA_000239035.2_out/GCA_000239035.2_annotate/GCA_000239035.2_mmseqs2/besthit_db/besthit_db --extract-lines 1 

MMseqs Version:              	18.8cc5c
Filter expression            	
Filter column                	1
Column to take               	-1
Filter regex                 	^.*$
Positive filter              	true
Filter file                  	
Beats first                  	false
Mapping file                 	
Weight file name             	
Trim to one column           	false
Extract N lines              	1
Numerical comparison operator	
Numerical comparison value   	0
Sort entries                 	0
Include identical seq. id.   	false
join to DB                   	
Threads                      	256
Compressed                   	0
Verbosity                    	3

Filtering by extracting the first 1 lines
[=================================================================] 4.89K 0s 29ms
Time for merging to besthit_db: 0h 0m 0s 14ms
Time for processing: 0h 0m 0s 184ms
convertalis GCA_000239035.2_out/GCA_000239035.2_annotate/GCA_000239035.2_mmseqs2/query_db/query_db /mnt/nvme3n1/erikg/phind-genome-work/ntm/v1/geomad_db/genomad_db/genomad_db GCA_000239035.2_out/GCA_000239035.2_annotate/GCA_000239035.2_mmseqs2/besthit_db/besthit_db GCA_000239035.2_out/GCA_000239035.2_annotate/GCA_000239035.2_mmseqs2.tsv --format-output qheader,target,evalue,bits,taxid --threads 8 

MMseqs Version:        	18.8cc5c
Substitution matrix    	aa:blosum62.out,nucl:nucleotide.out
Alignment format       	0
Format alignment output	qheader,target,evalue,bits,taxid
Translation table      	1
Gap open cost          	aa:11,nucl:5
Gap extension cost     	aa:1,nucl:2
Database output        	false
Preload mode           	0
Search type            	0
Threads                	8
Compressed             	0
Verbosity              	3

[=================================================================] 4.89K 0s 2ms
Time for merging to GCA_000239035.2_mmseqs2.tsv: 0h 0m 0s 2ms
Time for processing: 0h 0m 0s 42ms
