╭──────────────────────────────────────────────────────────────────────────────╮
│  Executing geNomad nn-classification (v1.12.0). This will classify the       │
│  input sequences into chromosome, plasmid, or virus based on the nucleotide  │
│  sequence.                                                                   │
│  ──────────────────────────────────────────────────────────────────────────  │
│  Outputs:                                                                    │
│    GCA_001213305.1_out/GCA_001213305.1_nn_classification                     │
│    ├── GCA_001213305.1_nn_classification.json (execution parameters)         │
│    ├── GCA_001213305.1_encoded_sequences (directory containing encoded       │
│    │   sequence data)                                                        │
│    ├── GCA_001213305.1_nn_classification.tsv (contig classification:         │
│    │   tabular format)                                                       │
│    ├── GCA_001213305.1_nn_classification.npz (contig classification: binary  │
│    │   format)                                                               │
│    ├── GCA_001213305.1_encoded_proviruses (directory containing encoded      │
│    │   sequence data)                                                        │
│    ├── GCA_001213305.1_provirus_nn_classification.tsv (provirus              │
│    │   classification: tabular format)                                       │
│    └── GCA_001213305.1_provirus_nn_classification.npz (provirus              │
│        classification: binary format)                                        │
╰──────────────────────────────────────────────────────────────────────────────╯
[17:34:36] Executing genomad nn-classification.                                 
[17:34:36] Creating the GCA_001213305.1_out/GCA_001213305.1_nn_classification   
           directory.                                                           
[17:34:36] Creating the                                                         
           GCA_001213305.1_out/GCA_001213305.1_nn_classification/GCA_001213305.1
           _encoded_sequences directory.                                        
[17:34:37] Encoded sequence data written to GCA_001213305.1_encoded_sequences.  
[17:34:37] Creating the                                                         
           GCA_001213305.1_out/GCA_001213305.1_nn_classification/GCA_001213305.1
           _encoded_proviruses directory.                                       
[17:34:37] Encoded provirus data written to GCA_001213305.1_encoded_proviruses. 
[17:34:56] Sequences classified.                                                
[17:34:56] Sequence classification in binary format written to                  
           GCA_001213305.1_nn_classification.npz.                               
[17:34:56] Sequence classification in tabular format written to                 
           GCA_001213305.1_nn_classification.tsv.                               
[17:34:59] Proviruses classified.                                               
[17:34:59] Provirus classification in binary format written to                  
           GCA_001213305.1_provirus_nn_classification.npz.                      
[17:34:59] Provirus classification in tabular format written to                 
           GCA_001213305.1_provirus_nn_classification.tsv.                      
[17:34:59] geNomad nn-classification finished!                                  
