╭──────────────────────────────────────────────────────────────────────────────╮
│  Executing geNomad marker-classification (v1.12.0). This will classify the   │
│  input sequences into chromosome, plasmid, or virus based on the presence    │
│  of geNomad markers and other gene-related features.                         │
│  ──────────────────────────────────────────────────────────────────────────  │
│  Outputs:                                                                    │
│    GCA_001213305.1_out/GCA_001213305.1_marker_classification                 │
│    ├── GCA_001213305.1_marker_classification.json (execution parameters)     │
│    ├── GCA_001213305.1_features.tsv (sequence feature data: tabular format)  │
│    ├── GCA_001213305.1_features.npz (sequence feature data: binary format)   │
│    ├── GCA_001213305.1_marker_classification.tsv (sequence classification:   │
│    │   tabular format)                                                       │
│    ├── GCA_001213305.1_marker_classification.npz (sequence classification:   │
│    │   binary format)                                                        │
│    ├── GCA_001213305.1_provirus_features.tsv (provirus feature data:         │
│    │   tabular format)                                                       │
│    ├── GCA_001213305.1_provirus_features.npz (provirus feature data: binary  │
│    │   format)                                                               │
│    ├── GCA_001213305.1_provirus_marker_classification.tsv (provirus          │
│    │   classification: tabular format)                                       │
│    └── GCA_001213305.1_provirus_marker_classification.npz (provirus          │
│        classification: binary format)                                        │
╰──────────────────────────────────────────────────────────────────────────────╯
[17:34:32] Executing genomad marker-classification.                             
[17:34:32] Creating the                                                         
           GCA_001213305.1_out/GCA_001213305.1_marker_classification directory. 
[17:34:33] Sequence features computed.                                          
[17:34:33] Sequence features in binary format written to                        
           GCA_001213305.1_features.npz.                                        
[17:34:33] Sequence features in tabular format written to                       
           GCA_001213305.1_features.tsv.                                        
[17:34:33] Provirus features computed.                                          
[17:34:33] Provirus features in binary format written to                        
           GCA_001213305.1_provirus_features.npz.                               
[17:34:33] Provirus features in tabular format written to                       
           GCA_001213305.1_provirus_features.tsv.                               
[17:34:34] Sequences classified.                                                
[17:34:34] Sequence classification in binary format written to                  
           GCA_001213305.1_marker_classification.npz.                           
[17:34:34] Sequence classification in tabular format written to                 
           GCA_001213305.1_marker_classification.tsv.                           
[17:34:34] Proviruses classified.                                               
[17:34:34] Provirus classification in binary format written to                  
           GCA_001213305.1_provirus_marker_classification.npz.                  
[17:34:34] Provirus classification in tabular format written to                 
           GCA_001213305.1_provirus_marker_classification.tsv.                  
[17:34:34] geNomad marker-classification finished!                              
