╭──────────────────────────────────────────────────────────────────────────────╮
│  Executing geNomad annotate (v1.12.0). This will perform gene calling in     │
│  the input sequences and annotate the predicted proteins with geNomad's      │
│  markers.                                                                    │
│  ──────────────────────────────────────────────────────────────────────────  │
│  Outputs:                                                                    │
│    GCA_001213305.1_out/GCA_001213305.1_annotate                              │
│    ├── GCA_001213305.1_annotate.json (execution parameters)                  │
│    ├── GCA_001213305.1_genes.tsv (gene annotation data)                      │
│    ├── GCA_001213305.1_taxonomy.tsv (taxonomic assignment)                   │
│    ├── GCA_001213305.1_mmseqs2.tsv (MMseqs2 output file)                     │
│    └── GCA_001213305.1_proteins.faa (protein FASTA file)                     │
╰──────────────────────────────────────────────────────────────────────────────╯
[17:32:24] Executing genomad annotate.                                          
[17:32:24] Creating the GCA_001213305.1_out/GCA_001213305.1_annotate directory. 
[17:32:33] Proteins predicted with pyrodigal-gv were written to                 
           GCA_001213305.1_proteins.faa.                                        
[17:34:25] Proteins annotated with MMseqs2 and geNomad database (v1.9) were     
           written to GCA_001213305.1_mmseqs2.tsv.                              
[17:34:26] Gene data was written to GCA_001213305.1_genes.tsv.                  
[17:34:26] Taxonomic assignment data was written to                             
           GCA_001213305.1_taxonomy.tsv.                                        
[17:34:26] geNomad annotate finished!                                           
