╭──────────────────────────────────────────────────────────────────────────────╮
│  Executing geNomad aggregated-classification (v1.12.0). This will aggregate  │
│  the results of the marker-classification and nn-classification modules to   │
│  classify the input sequences into chromosome, plasmid, or virus.            │
│  ──────────────────────────────────────────────────────────────────────────  │
│  Outputs:                                                                    │
│    GCA_001213305.1_out/GCA_001213305.1_aggregated_classification             │
│    ├── GCA_001213305.1_aggregated_classification.json (execution             │
│    │   parameters)                                                           │
│    ├── GCA_001213305.1_aggregated_classification.tsv (sequence               │
│    │   classification: tabular format)                                       │
│    ├── GCA_001213305.1_aggregated_classification.npz (sequence               │
│    │   classification: binary format)                                        │
│    ├── GCA_001213305.1_provirus_aggregated_classification.tsv (provirus      │
│    │   classification: tabular format)                                       │
│    └── GCA_001213305.1_provirus_aggregated_classification.npz (provirus      │
│        classification: binary format)                                        │
╰──────────────────────────────────────────────────────────────────────────────╯
[17:34:59] Executing genomad aggregated-classification.                         
[17:34:59] Creating the                                                         
           GCA_001213305.1_out/GCA_001213305.1_aggregated_classification        
           directory.                                                           
[17:34:59] The total marker frequencies of the input sequences were computed.   
[17:34:59] Sequences classified.                                                
[17:34:59] Sequence classification in binary format written to                  
           GCA_001213305.1_aggregated_classification.npz.                       
[17:34:59] Sequence classification in tabular format written to                 
           GCA_001213305.1_aggregated_classification.tsv.                       
[17:34:59] Proviruses classified.                                               
[17:34:59] Provirus classification in binary format written to                  
           GCA_001213305.1_provirus_aggregated_classification.npz.              
[17:34:59] Provirus classification in tabular format written to                 
           GCA_001213305.1_provirus_aggregated_classification.tsv.              
[17:34:59] geNomad aggregated-classification finished!                          
