╭──────────────────────────────────────────────────────────────────────────────╮
│  Executing geNomad annotate (v1.12.0). This will perform gene calling in     │
│  the input sequences and annotate the predicted proteins with geNomad's      │
│  markers.                                                                    │
│  ──────────────────────────────────────────────────────────────────────────  │
│  Outputs:                                                                    │
│    GCA_020731585.1_out/GCA_020731585.1_annotate                              │
│    ├── GCA_020731585.1_annotate.json (execution parameters)                  │
│    ├── GCA_020731585.1_genes.tsv (gene annotation data)                      │
│    ├── GCA_020731585.1_taxonomy.tsv (taxonomic assignment)                   │
│    ├── GCA_020731585.1_mmseqs2.tsv (MMseqs2 output file)                     │
│    └── GCA_020731585.1_proteins.faa (protein FASTA file)                     │
╰──────────────────────────────────────────────────────────────────────────────╯
[17:45:59] Executing genomad annotate.                                          
[17:45:59] Creating the GCA_020731585.1_out/GCA_020731585.1_annotate directory. 
[17:46:13] Proteins predicted with pyrodigal-gv were written to                 
           GCA_020731585.1_proteins.faa.                                        
[17:48:12] Proteins annotated with MMseqs2 and geNomad database (v1.9) were     
           written to GCA_020731585.1_mmseqs2.tsv.                              
[17:48:13] Gene data was written to GCA_020731585.1_genes.tsv.                  
[17:48:13] Taxonomic assignment data was written to                             
           GCA_020731585.1_taxonomy.tsv.                                        
[17:48:13] geNomad annotate finished!                                           
