╭──────────────────────────────────────────────────────────────────────────────╮
│  Executing geNomad nn-classification (v1.12.0). This will classify the       │
│  input sequences into chromosome, plasmid, or virus based on the nucleotide  │
│  sequence.                                                                   │
│  ──────────────────────────────────────────────────────────────────────────  │
│  Outputs:                                                                    │
│    GCA_020731585.1_out/GCA_020731585.1_nn_classification                     │
│    ├── GCA_020731585.1_nn_classification.json (execution parameters)         │
│    ├── GCA_020731585.1_encoded_sequences (directory containing encoded       │
│    │   sequence data)                                                        │
│    ├── GCA_020731585.1_nn_classification.tsv (contig classification:         │
│    │   tabular format)                                                       │
│    └── GCA_020731585.1_nn_classification.npz (contig classification: binary  │
│        format)                                                               │
╰──────────────────────────────────────────────────────────────────────────────╯
[17:48:35] Executing genomad nn-classification.                                 
[17:48:35] Creating the GCA_020731585.1_out/GCA_020731585.1_nn_classification   
           directory.                                                           
[17:48:35] Creating the                                                         
           GCA_020731585.1_out/GCA_020731585.1_nn_classification/GCA_020731585.1
           _encoded_sequences directory.                                        
[17:48:37] Encoded sequence data written to GCA_020731585.1_encoded_sequences.  
[17:49:06] Sequences classified.                                                
[17:49:06] Sequence classification in binary format written to                  
           GCA_020731585.1_nn_classification.npz.                               
[17:49:06] Sequence classification in tabular format written to                 
           GCA_020731585.1_nn_classification.tsv.                               
[17:49:06] geNomad nn-classification finished!                                  
