╭──────────────────────────────────────────────────────────────────────────────╮
│  Executing geNomad annotate (v1.12.0). This will perform gene calling in     │
│  the input sequences and annotate the predicted proteins with geNomad's      │
│  markers.                                                                    │
│  ──────────────────────────────────────────────────────────────────────────  │
│  Outputs:                                                                    │
│    GCA_000015005.1_out/GCA_000015005.1_annotate                              │
│    ├── GCA_000015005.1_annotate.json (execution parameters)                  │
│    ├── GCA_000015005.1_genes.tsv (gene annotation data)                      │
│    ├── GCA_000015005.1_taxonomy.tsv (taxonomic assignment)                   │
│    ├── GCA_000015005.1_mmseqs2.tsv (MMseqs2 output file)                     │
│    └── GCA_000015005.1_proteins.faa (protein FASTA file)                     │
╰──────────────────────────────────────────────────────────────────────────────╯
[17:42:48] Executing genomad annotate.                                          
[17:42:48] Creating the GCA_000015005.1_out/GCA_000015005.1_annotate directory. 
[17:43:03] Proteins predicted with pyrodigal-gv were written to                 
           GCA_000015005.1_proteins.faa.                                        
[17:45:01] Proteins annotated with MMseqs2 and geNomad database (v1.9) were     
           written to GCA_000015005.1_mmseqs2.tsv.                              
[17:45:02] Gene data was written to GCA_000015005.1_genes.tsv.                  
[17:45:02] Taxonomic assignment data was written to                             
           GCA_000015005.1_taxonomy.tsv.                                        
[17:45:02] geNomad annotate finished!                                           
